case__83: 
logic__304: 
logic__276: 
logic__155: 
case__11: 
logic__23: 
logic__351: 
muxpart__76: 
logic__275: 
logic__375: 
reg__40: 
logic__66: 
logic__140: 
logic__83: 
muxpart__52: 
case__35: 
logic__106: 
logic__313: 
logic__280: 
logic__125: 
case__64: 
muxpart__56: 
Clocks: 
logic__281: 
muxpart__58: 
datapath__13: 
reg__8: 
case__10: 
muxpart__79: 
case__23: 
case__51: 
logic__161: 
case__34: 
datapath__5: 
case__59: 
reg__18: 
muxpart__31: 
case__2: 
reg__7: 
reg__41: 
logic__331: 
Segments_Scan: 
reg__47: 
logic__320: 
case__62: 
case__13: 
datapath__17: 
datapath__6: 
case__61: 
muxpart__4: 
logic__177: 
datapath__9: 
reg__26: 
case__80: 
logic__350: 
case__46: 
logic__59: 
logic__359: 
muxpart__41: 
reg__12: 
logic__38: 
logic__400: 
muxpart__18: 
datapath: 
logic__21: 
case__4: 
Uart_S7: 
logic__107: 
muxpart__8: 
logic__408: 
case__72: 
logic__263: 
logic__48: 
case__9: 
BoardV3: 
case__79: 
reg__11: 
muxpart__2: 
reg__28: 
logic: 
logic__137: 
logic__248: 
logic__139: 
logic__183: 
muxpart__20: 
logic__174: 
case__38: 
logic__46: 
logic__226: 
case__63: 
datapath__10: 
muxpart__35: 
muxpart__69: 
reg__24: 
logic__30: 
logic__92: 
reg: 
case__7: 
reg__1: 
case__77: 
case__84: 
logic__290: 
datapath__16: 
AckieV2: 
logic__391: 
logic__212: 
datapath__12: 
logic__166: 
muxpart: 
case__1: 
counter: 
logic__49: 
logic__167: 
logic__44: 
muxpart__12: 
reg__38: 
logic__247: 
reg__33: 
case__24: 
reg__5: 
muxpart__48: 
reg__9: 
muxpart__60: 
logic__189: 
logic__91: 
case__33: 
reg__30: 
case__81: 
logic__250: 
logic__323: 
Traffic_Light_Board: 
muxpart__7: 
logic__32: 
datapath__4: 
muxpart__68: 
datapath__18: 
muxpart__21: 
logic__148: 
muxpart__25: 
case__67: 
case__53: 
muxpart__55: 
logic__365: 
muxpart__5: 
case__60: 
logic__103: 
logic__22: 
logic__77: 
muxpart__3: 
reg__20: 
reg__44: 
logic__98: 
logic__193: 
muxpart__10: 
case__68: 
case__88: 
logic__147: 
reg__29: 
logic__71: 
case__14: 
case__28: 
logic__363: 
reg__27: 
muxpart__54: 
case__82: 
muxpart__29: 
reg__39: 
muxpart__77: 
muxpart__57: 
logic__219: 
muxpart__24: 
reg__34: 
case__49: 
muxpart__59: 
case__17: 
case__21: 
Traffic_Light: 
logic__403: 
case__15: 
case__6: 
reg__6: 
logic__164: 
logic__285: 
logic__369: 
muxpart__33: 
reg__32: 
logic__235: 
case__19: 
logic__54: 
muxpart__81: 
logic__364: 
logic__321: 
reg__21: 
logic__85: 
muxpart__65: 
muxpart__16: 
logic__340: 
muxpart__14: 
logic__75: 
logic__312: 
datapath__1: 
case__87: 
logic__152: 
muxpart__66: 
logic__354: 
reg__22: 
logic__389: 
logic__227: 
muxpart__78: 
muxpart__40: 
case__58: 
logic__251: 
logic__171: 
reg__49: 
logic__101: 
muxpart__19: 
logic__378: 
reg__36: 
muxpart__22: 
logic__255: 
reg__19: 
muxpart__15: 
muxpart__80: 
muxpart__62: 
case__20: 
logic__240: 
logic__47: 
logic__58: 
muxpart__61: 
logic__394: 
case__18: 
logic__36: 
reg__46: 
logic__339: 
logic__396: 
logic__267: 
case__65: 
case__26: 
logic__289: 
logic__28: 
case__37: 
logic__386: 
logic__311: 
logic__42: 
case__27: 
case__76: 
logic__215: 
datapath__8: 
reg__10: 
logic__78: 
logic__206: 
reg__2: 
logic__405: 
case__39: 
logic__187: 
logic__84: 
case__78: 
case__31: 
case__41: 
case__25: 
reg__43: 
muxpart__44: 
case__71: 
logic__308: 
muxpart__46: 
case__8: 
logic__72: 
logic__262: 
case__30: 
muxpart__47: 
muxpart__34: 
logic__379: 
logic__343: 
case__12: 
logic__110: 
muxpart__82: 
logic__298: 
logic__291: 
case__48: 
muxpart__38: 
muxpart__53: 
logic__295: 
case__50: 
logic__338: 
reg__31: 
logic__165: 
reg__25: 
reg__3: 
datapath__19: 
logic__259: 
muxpart__1: 
logic__60: 
logic__19: 
logic__260: 
reg__14: 
case__75: 
logic__228: 
muxpart__39: 
case__70: 
case: 
reg__13: 
logic__236: 
case__32: 
Keyboard: 
logic__13: 
logic__163: 
logic__18: 
logic__104: 
reg__4: 
logic__113: 
logic__324: 
logic__26: 
muxpart__50: 
logic__355: 
case__36: 
logic__402: 
muxpart__74: 
logic__136: 
muxpart__27: 
case__54: 
reg__23: 
signinv: 
case__57: 
logic__55: 
logic__211: 
logic__237: 
logic__182: 
muxpart__75: 
case__74: 
case__56: 
muxpart__6: 
muxpart__42: 
logic__86: 
muxpart__73: 
logic__317: 
logic__202: 
logic__172: 
muxpart__70: 
muxpart__26: 
logic__159: 
logic__232: 
datapath__14: 
case__43: 
case__66: 
logic__184: 
logic__133: 
reg__15: 
reg__37: 
muxpart__49: 
case__73: 
logic__20: 
logic__67: 
reg__35: 
case__29: 
muxpart__23: 
muxpart__71: 
logic__120: 
muxpart__11: 
logic__176: 
datapath__15: 
datapath__11: 
logic__154: 
muxpart__32: 
logic__112: 
muxpart__28: 
reg__50: 
logic__398: 
muxpart__67: 
logic__126: 
case__40: 
logic__188: 
muxpart__63: 
muxpart__72: 
muxpart__64: 
logic__69: 
logic__302: 
logic__65: 
muxpart__45: 
case__52: 
datapath__3: 
datapath__2: 
logic__336: 
Board_reset: 
logic__81: 
logic__383: 
muxpart__51: 
muxpart__9: 
case__55: 
logic__99: 
muxpart__30: 
muxpart__37: 
case__85: 
case__5: 
datapath__7: 
reg__48: 
reg__17: 
logic__244: 
logic__225: 
reg__16: 
case__45: 
logic__303: 
logic__223: 
logic__299: 
logic__175: 
logic__372: 
reg__42: 
logic__95: 
reg__45: 
